2026-09-17 15:50:14 | INFO    | master list: 410 assetIDs, 476 serial numbers
2026-09-17 15:50:14 | INFO    | draft:       /Users/joeduprey/repos/metadataVerification/assetManagement/inputs/imageSN_2026_draft.csv (23 rows)
2026-09-17 15:50:14 | INFO    | whitespace trimming: on
2026-09-17 15:50:14 | INFO    | writing:     /Users/joeduprey/repos/metadataVerification/assetManagement/reportOuts/fuzzyMatches_20260917.csv
2026-09-17 15:50:14 | INFO    |              /Users/joeduprey/repos/metadataVerification/assetManagement/reportOuts/fuzzyMatches_HITL_20260917.csv
2026-09-17 15:50:14 | INFO    | run log:     /Users/joeduprey/repos/metadataVerification/assetManagement/reportOuts/fuzzyMatches_20260917.log

2026-09-17 15:50:14 | DEBUG   | CE02SHBP-LJ01D-06-DOSTAD106: exact match 216 -> ATOSU-58320-00020
2026-09-17 15:50:14 | DEBUG   | CE02SHBP-LJ01D-07-VEL3DC108: partial match 8167 inside VEC-8167 -> ATOSU-69829-00003
2026-09-17 15:50:14 | DEBUG   | CE02SHBP-LJ01D-09-PCO2WB103: exact match C0080 -> ATOSU-70570-00002
2026-09-17 15:50:14 | DEBUG   | CE02SHBP-LJ01D-10-PHSENH110: exact match 721-2107 -> ATAPL-91990-00004
2026-09-17 15:50:14 | DEBUG   | CE02SHBP-LJ01D-11-HYDBBA106: exact match 248 -> ATAPL-69943-00008
2026-09-17 15:50:14 | DEBUG   | CE02SHBP-MJ01C-07-ZPLSCB101: partial match 190 inside 19003 -> ATOSU-69826-00002
2026-09-17 15:50:14 | DEBUG   | CE02SHBP-MJ01C-07-ZPLSCB101: partial match 190 inside SUBC19005 -> ATAPL-78437-00005
2026-09-17 15:50:14 | DEBUG   | CE02SHBP-MJ01C-07-ZPLSCB101: partial match 190 inside SUBC19006 -> ATAPL-78437-00006
2026-09-17 15:50:14 | DEBUG   | CE02SHBP-MJ01C-07-ZPLSCB101: partial match 190 inside SUBC19007 -> ATAPL-78437-00007
2026-09-17 15:50:14 | DEBUG   | CE02SHBP-MJ01C-07-ZPLSCB101: partial match 190 inside SUBC19034 -> ATAPL-78437-00007
2026-09-17 15:50:14 | DEBUG   | CE02SHBP-MJ01C-07-ZPLSCB101: partial match 190 inside SUBC19035 -> ATAPL-78437-00007
2026-09-17 15:50:14 | DEBUG   | CE02SHBP-MJ01C-07-ZPLSCB101: partial match 190 inside SUBC19008 -> ATAPL-78437-00008
2026-09-17 15:50:14 | DEBUG   | CE02SHBP-MJ01C-07-ZPLSCB101: partial match 190 inside SUBC19032 -> ATAPL-78437-00008
2026-09-17 15:50:14 | DEBUG   | CE02SHBP-MJ01C-07-ZPLSCB101: partial match 190 inside SUBC19033 -> ATAPL-78437-00008
2026-09-17 15:50:14 | DEBUG   | CE02SHBP-MJ01C-07-ZPLSCB101: partial match 190 inside SUBC19048 -> ATAPL-78437-00009
2026-09-17 15:50:14 | DEBUG   | CE02SHBP-MJ01C-07-ZPLSCB101: partial match 190 inside SUBC19014 -> ATAPL-78437-00009
2026-09-17 15:50:14 | DEBUG   | CE02SHBP-MJ01C-07-ZPLSCB101: partial match 190 inside SUBC19022 -> ATAPL-78437-00009
2026-09-17 15:50:14 | DEBUG   | CE02SHBP-MJ01C-07-ZPLSCB101: partial match 190 inside SUBC19011 -> ATAPL-78437-00010
2026-09-17 15:50:14 | DEBUG   | CE02SHBP-MJ01C-07-ZPLSCB101: partial match 190 inside SUBC19023 -> ATAPL-78437-00010
2026-09-17 15:50:14 | DEBUG   | CE02SHBP-MJ01C-07-ZPLSCB101: partial match 190 inside 19073 -> ATAPL-58345-00002
2026-09-17 15:50:14 | DEBUG   | CE02SHBP-MJ01C-07-ZPLSCB101: partial match 190 inside 19075 -> ATAPL-58345-00003
2026-09-17 15:50:14 | DEBUG   | CE02SHBP-MJ01C-08-CAMDSB107: partial match 20159 inside SUBC20159 -> ATAPL-78437-00010
2026-09-17 15:50:14 | DEBUG   | CE04OSBP-LJ01C-05-ADCPSI103: exact match 21498 -> ATOSU-69825-00001
2026-09-17 15:50:14 | DEBUG   | CE04OSBP-LJ01C-06-DOSTAD108: exact match 133 -> ATOSU-58320-00021
2026-09-17 15:50:14 | DEBUG   | CE04OSBP-LJ01C-07-VEL3DC107: partial match 4940 inside VEC-4940 -> ATOSU-69829-00004
2026-09-17 15:50:14 | DEBUG   | CE04OSBP-LJ01C-07-VEL3DC107: partial match 8159 inside VEC-8159 -> ATOSU-69829-00004
2026-09-17 15:50:14 | DEBUG   | CE04OSBP-LJ01C-09-PCO2WB104: exact match C0064 -> ATOSU-70570-00001
2026-09-17 15:50:14 | DEBUG   | CE04OSBP-LJ01C-10-PHSEND107: exact match P0117 -> ATOSU-70571-00002
2026-09-17 15:50:14 | DEBUG   | CE04OSBP-LJ01C-11-HYDBBA105: exact match 1249 -> ATOSU-58324-00015
2026-09-17 15:50:14 | DEBUG   | CE04OSBP-LV01C-06-CAMDSB106: partial match 18825 inside SUBC18825 -> ATAPL-78437-00001
2026-09-17 15:50:14 | DEBUG   | RS01SLBS-LJ01A-09-HYDBBA102: exact match 1273 -> ATAPL-58324-00005
2026-09-17 15:50:14 | DEBUG   | RS01SLBS-LJ01A-12-DOSTAD101: exact match 275 -> ATAPL-58320-00005
2026-09-17 15:50:14 | DEBUG   | RS01SUM2-MJ01B-05-CAMDSB103: partial match 20119 inside SUBC20119 -> ATAPL-78437-00012
2026-09-17 15:50:14 | DEBUG   | RS03ASHS-PN03B-06-CAMHDA301: no serial number entered
2026-09-17 15:50:14 | DEBUG   | RS03INT1-MJ03C-05-CAMDSB303: partial match 19007 inside SUBC19007 -> ATAPL-78437-00007
2026-09-17 15:50:14 | DEBUG   | RS03INT1-MJ03C-07-D1000A301: no serial number entered
2026-09-17 15:50:14 | DEBUG   | RS03INT1-MJ03C-07-PPSDNA301: no serial number entered
2026-09-17 15:50:14 | DEBUG   | RS03INT1-MJ03C-07-RASFLA301: no serial number entered
2026-09-17 15:50:14 | SUCCESS |   CE02SHBP-LJ01D-06-DOSTAD106    ATOSU-58320-00020 (exact serial)
2026-09-17 15:50:14 | SUCCESS |   CE02SHBP-LJ01D-07-VEL3DC108    ATOSU-69829-00003 (partial serial)
2026-09-17 15:50:14 | SUCCESS |   CE02SHBP-LJ01D-09-PCO2WB103    ATOSU-70570-00002 (exact serial)
2026-09-17 15:50:14 | ERROR   |   CE02SHBP-LJ01D-10-PHSENH110    ATAPL-91990-00004 (exact serial) but deployment sheet says ATAPL-91990-00002
2026-09-17 15:50:14 | ERROR   |   CE02SHBP-LJ01D-11-HYDBBA106    ATAPL-69943-00008 (exact serial) but deployment sheet says ATOSU-58324-00014
2026-09-17 15:50:14 | WARNING |   CE02SHBP-MJ01C-07-ZPLSCB101    9 candidates, needs HITL: ATAPL-58345-00002, ATAPL-58345-00003, ATAPL-78437-00005, ATAPL-78437-00006, ATAPL-78437-00007, ATAPL-78437-00008, ATAPL-78437-00009, ATAPL-78437-00010, ATOSU-69826-00002
2026-09-17 15:50:14 | SUCCESS |   CE02SHBP-MJ01C-08-CAMDSB107    ATAPL-78437-00010 (partial serial)
2026-09-17 15:50:14 | SUCCESS |   CE04OSBP-LJ01C-05-ADCPSI103    ATOSU-69825-00001 (exact serial)
2026-09-17 15:50:14 | SUCCESS |   CE04OSBP-LJ01C-06-DOSTAD108    ATOSU-58320-00021 (exact serial)
2026-09-17 15:50:14 | SUCCESS |   CE04OSBP-LJ01C-07-VEL3DC107    ATOSU-69829-00004 (partial serial)
2026-09-17 15:50:14 | SUCCESS |   CE04OSBP-LJ01C-09-PCO2WB104    ATOSU-70570-00001 (exact serial)
2026-09-17 15:50:14 | SUCCESS |   CE04OSBP-LJ01C-10-PHSEND107    ATOSU-70571-00002 (exact serial)
2026-09-17 15:50:14 | SUCCESS |   CE04OSBP-LJ01C-11-HYDBBA105    ATOSU-58324-00015 (exact serial)
2026-09-17 15:50:14 | SUCCESS |   CE04OSBP-LV01C-06-CAMDSB106    ATAPL-78437-00001 (partial serial)
2026-09-17 15:50:14 | SUCCESS |   RS01SLBS-LJ01A-09-HYDBBA102    ATAPL-58324-00005 (exact serial)
2026-09-17 15:50:14 | SUCCESS |   RS01SLBS-LJ01A-12-DOSTAD101    ATAPL-58320-00005 (exact serial)
2026-09-17 15:50:14 | SUCCESS |   RS01SUM2-MJ01B-05-CAMDSB103    ATAPL-78437-00012 (partial serial)
2026-09-17 15:50:14 | INFO    |   RS03ASHS-PN03B-06-CAMHDA301    blank, left for final review
2026-09-17 15:50:14 | SUCCESS |   RS03INT1-MJ03C-05-CAMDSB303    ATAPL-78437-00007 (partial serial)
2026-09-17 15:50:14 | INFO    |   RS03INT1-MJ03C-07-D1000A301    blank, left for final review
2026-09-17 15:50:14 | INFO    |   RS03INT1-MJ03C-07-PPSDNA301    blank, left for final review
2026-09-17 15:50:14 | INFO    |   RS03INT1-MJ03C-07-RASFLA301    blank, left for final review
2026-09-17 15:50:14 | ERROR   |   RS03INT1-MJ03C-09-TRHPHA302    NO MATCH for '1073304-5' -- not in the master list
2026-09-17 15:50:14 | INFO    | 
17 matched, 1 ambiguous, 4 blank, 1 unmatched
2026-09-17 15:50:14 | ERROR   | 
2 disagree with the deployment sheet -- highest priority:
2026-09-17 15:50:14 | ERROR   |     CE02SHBP-LJ01D-10-PHSENH110    photo ATAPL-91990-00004 / sheet ATAPL-91990-00002
2026-09-17 15:50:14 | ERROR   |     CE02SHBP-LJ01D-11-HYDBBA106    photo ATAPL-69943-00008 / sheet ATOSU-58324-00014
2026-09-17 15:50:14 | ERROR   | 
1 filled in but matched nothing:
2026-09-17 15:50:14 | ERROR   |     RS03INT1-MJ03C-09-TRHPHA302
2026-09-17 15:50:14 | INFO    | wrote /Users/joeduprey/repos/metadataVerification/assetManagement/reportOuts/fuzzyMatches_20260917.csv
2026-09-17 15:50:14 | INFO    | wrote /Users/joeduprey/repos/metadataVerification/assetManagement/reportOuts/fuzzyMatches_HITL_20260917.csv
2026-09-17 15:50:14 | INFO    | 
next: work through the HITL csv by hand, resolving rows with more than one
candidate assetID and filling HITL_match_notes
